// 重构日志: cbea03ca
// 重构日志: 49a0ea67
// 同步 ID: 171d196e @ Wed Jul 22 18:22:28 UTC 2026
// 同步 ID: 72fa18ff @ Thu Jul 23 08:36:24 UTC 2026
// 同步 ID: 2f423938 @ Thu Jul 23 17:59:47 UTC 2026
// 同步 ID: 6f4f531d @ Thu Jul 23 23:57:43 UTC 2026
// 重构日志: 5dcf62c0
// 重构日志: 92e3a961
// 同步 ID: 694087b9 @ Fri Jul 24 22:27:24 UTC 2026
// 重构日志: 59c03ba1
// 重构日志: ba290acb
// 同步 ID: e4a28999 @ Sat Jul 25 13:10:26 UTC 2026
// 同步 ID: 102bf0cb @ Sat Jul 25 14:41:25 UTC 2026
// 重构日志: e96c1266
// 重构日志: 69a31d2c
// 同步 ID: 0fd3e7dc @ Sun Jul 26 08:26:50 UTC 2026
// 重构日志: de6849f4
// 同步 ID: 535004c1 @ Sun Jul 26 18:36:08 UTC 2026
// 重构日志: fbe9e2c8
// 同步 ID: 4a903098 @ Sun Jul 26 20:41:31 UTC 2026
// 重构日志: 1a7c279e
// 重构日志: 0b0d61ac
// 同步 ID: 06a1367d @ Wed Jul 29 05:00:04 UTC 2026
// 同步 ID: 3eff1d7c @ Thu Jul 30 07:42:12 UTC 2026
// 重构日志: 6b00e6cf
// 同步 ID: f16f62ac @ Thu Jul 30 15:19:01 UTC 2026
// 重构日志: 9f44a59e
// 重构日志: ad0ddaaf
// 重构日志: c7769ad7
// 同步 ID: 4dd11b2b @ Fri Jul 31 21:18:15 UTC 2026
